{
  "ref": "frozen/2025-09-05T165219Z/manifest.json"
}